// Jest Snapshot v1, https://goo.gl/fbAQLP

exports[`basic dev Renders IRI from dataset wrt Accept header html for nt 1`] = `
"<http://localhost:3000/pouch/CargoHandlersPouch> <http://purl.org/dc/terms/modified> \\"2017-11-16\\"^^<http://www.w3.org/2001/XMLSchema#date> .
<http://localhost:3000/pouch/CargoHandlersPouch> <http://schema.org/hasPart> <http://localhost:3000/schema/Boat> .
<http://localhost:3000/pouch/CargoHandlersPouch> <http://www.w3.org/1999/02/22-rdf-syntax-ns#type> <http://schema.org/CreativeWork> .
<http://localhost:3000/pouch/CargoHandlersPouch> <http://www.w3.org/2000/01/rdf-schema#comment> \\"A pouch is an entity we use to logically group data elements together for the role in the logistics chain that predominantly would provide the data.  It is intended to enably a quick access to schema needed. For the Cargo Handlers Pouch, you will find data typically from the following documents; TBD.\\" .
<http://localhost:3000/pouch/CargoHandlersPouch> <http://www.w3.org/2000/01/rdf-schema#label> \\"Cargo Handlers Pouch\\" .
"
`;

exports[`basic dev Renders IRI from dataset wrt Accept header json for jsonld 1`] = `
Array [
  "@id",
  "@type",
  "http://purl.org/dc/terms/modified",
  "http://schema.org/hasPart",
  "http://www.w3.org/2000/01/rdf-schema#comment",
  "http://www.w3.org/2000/01/rdf-schema#label",
]
`;

exports[`basic dev Renders IRI from dataset wrt Accept header jsonld in html 1`] = `
"[
  {
    \\"@id\\": \\"http://localhost:3000/pouch/CargoHandlersPouch\\",
    \\"http://purl.org/dc/terms/modified\\": {
      \\"@type\\": \\"http://www.w3.org/2001/XMLSchema#date\\",
      \\"@value\\": \\"2017-11-16\\"
    }
  },
  {
    \\"@id\\": \\"http://localhost:3000/pouch/CargoHandlersPouch\\",
    \\"http://schema.org/hasPart\\": {
      \\"@id\\": \\"http://localhost:3000/schema/Boat\\"
    }
  },
  {
    \\"@id\\": \\"http://localhost:3000/pouch/CargoHandlersPouch\\",
    \\"@type\\": \\"http://schema.org/CreativeWork\\"
  },
  {
    \\"@id\\": \\"http://localhost:3000/pouch/CargoHandlersPouch\\",
    \\"http://www.w3.org/2000/01/rdf-schema#comment\\": \\"A pouch is an entity we use to logically group data elements together for the role in the logistics chain that predominantly would provide the data.  It is intended to enably a quick access to schema needed. For the Cargo Handlers Pouch, you will find data typically from the following documents; TBD.\\"
  },
  {
    \\"@id\\": \\"http://localhost:3000/pouch/CargoHandlersPouch\\",
    \\"http://www.w3.org/2000/01/rdf-schema#label\\": \\"Cargo Handlers Pouch\\"
  }
"
`;
